------------------------------------------------------------
Timing Analyzer Summary
------------------------------------------------------------

Type  : Slow 1100mV 85C Model Setup 'Ai[0]'
Slack : -1.600
TNS   : -14.629

Type  : Slow 1100mV 85C Model Hold 'Ai[0]'
Slack : 0.693
TNS   : 0.000

Type  : Slow 1100mV 85C Model Minimum Pulse Width 'Ai[0]'
Slack : 0.333
TNS   : 0.000

Type  : Slow 1100mV 0C Model Setup 'Ai[0]'
Slack : -1.645
TNS   : -14.584

Type  : Slow 1100mV 0C Model Hold 'Ai[0]'
Slack : 0.572
TNS   : 0.000

Type  : Slow 1100mV 0C Model Minimum Pulse Width 'Ai[0]'
Slack : 0.324
TNS   : 0.000

Type  : Fast 1100mV 85C Model Setup 'Ai[0]'
Slack : -0.570
TNS   : -3.135

Type  : Fast 1100mV 85C Model Hold 'Ai[0]'
Slack : 0.379
TNS   : 0.000

Type  : Fast 1100mV 85C Model Minimum Pulse Width 'Ai[0]'
Slack : 0.052
TNS   : 0.000

Type  : Fast 1100mV 0C Model Setup 'Ai[0]'
Slack : -0.410
TNS   : -2.123

Type  : Fast 1100mV 0C Model Hold 'Ai[0]'
Slack : 0.353
TNS   : 0.000

Type  : Fast 1100mV 0C Model Minimum Pulse Width 'Ai[0]'
Slack : 0.047
TNS   : 0.000

------------------------------------------------------------
